[01Sep2026 14:26:28.750] [main/INFO] [net.neoforged.fml.startup.Entrypoint/]: JVM Uptime at startup: 570ms
[01Sep2026 14:26:28.786] [main/INFO] [net.neoforged.fml.loading.FMLLoader/]: Starting FancyModLoader version 11.0.15 (CLIENT in DEV)
[01Sep2026 14:26:28.786] [main/INFO] [net.neoforged.fml.loading.FMLLoader/]: Game directory: C:\Users\isabe\Documents\IxosTools\mcphc\Procedural-Horse-Coats\neoforge-26.1.2\run
[01Sep2026 14:26:28.966] [main/INFO] [net.neoforged.fml.loading.EarlyServiceDiscovery/]: Found 2 early service jars (out of 108) in 80ms
[01Sep2026 14:26:28.968] [main/INFO] [net.neoforged.fml.loading.FMLLoader/]: Loading FML Early Services:
[01Sep2026 14:26:28.970] [main/INFO] [net.neoforged.fml.loading.FMLLoader/]:  - C:/Users/isabe/.gradle/caches/modules-2/files-2.1/net.neoforged.fancymodloader/loader/11.0.15/69ddd98736a6b095783523404d1af8992842722/loader-11.0.15.jar
[01Sep2026 14:26:28.976] [main/INFO] [net.neoforged.fml.loading.FMLLoader/]:  - C:/Users/isabe/.gradle/caches/modules-2/files-2.1/net.neoforged.fancymodloader/earlydisplay/11.0.15/b254aa4ec40828f8ce65411dcb7fb9f6ce008064/earlydisplay-11.0.15.jar
[01Sep2026 14:26:28.989] [main/INFO] [net.neoforged.fml.loading.ImmediateWindowHandler/]: ImmediateWindowProvider not loading because splash screen is disabled
[01Sep2026 14:26:29.109] [ForkJoinPool.commonPool-worker-10/INFO] [net.neoforged.fml.loading.moddiscovery.locators.GameLocator/]: Detected a joined NeoForge and Minecraft configuration. Applying filtering...
[01Sep2026 14:26:29.366] [ForkJoinPool.commonPool-worker-10/INFO] [net.neoforged.fml.loading.moddiscovery.locators.InDevFolderLocator/CORE]: Got mod coordinates horsegenetics%%C:\Users\isabe\Documents\IxosTools\mcphc\Procedural-Horse-Coats\neoforge-26.1.2\build\classes\java\main;horsegenetics%%C:\Users\isabe\Documents\IxosTools\mcphc\Procedural-Horse-Coats\neoforge-26.1.2\build\resources\main from env
[01Sep2026 14:26:29.813] [ForkJoinPool.commonPool-worker-10/INFO] [net.neoforged.fml.loading.moddiscovery.locators.JarInJarDependencyLocator/]: Found 2 dependencies adding them to mods collection
[01Sep2026 14:26:29.818] [ForkJoinPool.commonPool-worker-10/INFO] [net.neoforged.fml.loading.moddiscovery.ModDiscoverer/]: 
     Mod List:
		Name Version (Mod Id)

		Horse Genetics 0.0.1 (horsegenetics)
		Minecraft 26.1.2 (minecraft)
		NeoForge 26.1.2.100 (neoforge)
[01Sep2026 14:26:30.307] [main/INFO] [mixin/]: SpongePowered MIXIN Subsystem Version=0.8.7 Source=file:/C:/Users/isabe/.gradle/caches/modules-2/files-2.1/net.fabricmc/sponge-mixin/0.17.3+mixin.0.8.7/41c4a3984a80f4679e759fb9f495587acc5cdac7/sponge-mixin-0.17.3+mixin.0.8.7.jar Service=FML Env=CLIENT
[01Sep2026 14:26:30.369] [main/INFO] [net.neoforged.fml.loading.FMLLoader/]: Loading FML Plugins:
[01Sep2026 14:26:30.370] [main/INFO] [net.neoforged.fml.loading.FMLLoader/]:  - C:/Users/isabe/.gradle/caches/modules-2/files-2.1/net.neoforged/neoforge/26.1.2.100/dc0b79397e374058ab619e3dd8b2ccfdf88544b6/neoforge-26.1.2.100-universal.jar > net.neoforged.neoforge-coremods-26.1.2.100.jar
[01Sep2026 14:26:30.576] [main/INFO] [net.neoforged.fml.loading.FMLLoader/]: Building game content classloader:
 - horsegenetics (composite(folder(C:/Users/isabe/Documents/IxosTools/mcphc/Procedural-Horse-Coats/neoforge-26.1.2/build/classes/java/main), folder(C:/Users/isabe/Documents/IxosTools/mcphc/Procedural-Horse-Coats/neoforge-26.1.2/build/resources/main)))
 - minecraft (composite(filtered(jar(C:/Users/isabe/Documents/IxosTools/mcphc/Procedural-Horse-Coats/neoforge-26.1.2/build/moddev/artifacts/minecraft-patched-26.1.2.100.jar)), filtered(jar(C:/Users/isabe/Documents/IxosTools/mcphc/Procedural-Horse-Coats/neoforge-26.1.2/build/moddev/artifacts/minecraft-patched-26.1.2.100.jar))))
 - mixinextras.neoforge (jar(C:/Users/isabe/.gradle/caches/modules-2/files-2.1/net.neoforged/neoforge/26.1.2.100/dc0b79397e374058ab619e3dd8b2ccfdf88544b6/neoforge-26.1.2.100-universal.jar > mixinextras-neoforge-0.5.4.jar))
 - neoforge (composite(filtered(jar(C:/Users/isabe/.gradle/caches/modules-2/files-2.1/net.neoforged/neoforge/26.1.2.100/dc0b79397e374058ab619e3dd8b2ccfdf88544b6/neoforge-26.1.2.100-universal.jar))))
 - net.neoforged.fml.generated (empty(VirtualJar/net.neoforged.fml.generated))
[01Sep2026 14:26:30.600] [main/INFO] [net.neoforged.fml.loading.FMLLoader/]: Built game content classloader in 45ms
[01Sep2026 14:26:33.375] [Datafixer Bootstrap/INFO] [com.mojang.datafixers.DataFixerBuilder/]: 294 Datafixer optimizations took 639 milliseconds
[01Sep2026 14:26:34.758] [pool-8-thread-1/INFO] [MixinExtras|Service/]: Initializing MixinExtras via com.llamalad7.mixinextras.service.MixinExtrasServiceImpl(version=0.5.4).
[01Sep2026 14:26:43.766] [main/WARN] [net.minecraft.commands.Commands/]: Ambiguity between arguments [teleport, location] and [teleport, destination] with inputs: [0.1 -0.5 .9, 0 0 0]
[01Sep2026 14:26:43.769] [main/WARN] [net.minecraft.commands.Commands/]: Ambiguity between arguments [teleport, location] and [teleport, targets] with inputs: [0.1 -0.5 .9, 0 0 0]
[01Sep2026 14:26:43.774] [main/WARN] [net.minecraft.commands.Commands/]: Ambiguity between arguments [teleport, destination] and [teleport, targets] with inputs: [Player, 0123, @e, dd12be42-52a9-4a91-a8a1-11c01849e498]
[01Sep2026 14:26:43.776] [main/WARN] [net.minecraft.commands.Commands/]: Ambiguity between arguments [teleport, targets] and [teleport, destination] with inputs: [Player, 0123, dd12be42-52a9-4a91-a8a1-11c01849e498]
[01Sep2026 14:26:43.779] [main/WARN] [net.minecraft.commands.Commands/]: Ambiguity between arguments [teleport, targets, location] and [teleport, targets, destination] with inputs: [0.1 -0.5 .9, 0 0 0]
[01Sep2026 14:26:43.781] [main/WARN] [net.minecraft.commands.Commands/]: Ambiguity between arguments [time, set, time] and [time, set, timemarker] with inputs: [0, 0s, 0d, 0t]
[01Sep2026 14:26:43.782] [main/WARN] [net.minecraft.commands.Commands/]: Ambiguity between arguments [time, set, timemarker] and [time, set, time] with inputs: [012]
[01Sep2026 14:26:43.785] [main/WARN] [net.minecraft.commands.Commands/]: Ambiguity between arguments [time, of, clock, set, time] and [time, of, clock, set, timemarker] with inputs: [0, 0s, 0d, 0t]
[01Sep2026 14:26:43.787] [main/WARN] [net.minecraft.commands.Commands/]: Ambiguity between arguments [time, of, clock, set, timemarker] and [time, of, clock, set, time] with inputs: [012]
[01Sep2026 14:26:43.789] [main/WARN] [net.minecraft.commands.Commands/]: Ambiguity between arguments [waypoint, modify, waypoint, color, reset] and [waypoint, modify, waypoint, color, color] with inputs: [reset]
[01Sep2026 14:26:43.912] [modloading-worker-0/INFO] [net.neoforged.neoforge.common.NeoForgeMod/NEOFORGE-MOD]: NeoForge mod loading, version 26.1.2.100, for MC 26.1.2
[01Sep2026 14:26:45.041] [Render thread/INFO] [com.mojang.authlib.yggdrasil.YggdrasilAuthenticationService/]: Environment: Environment[sessionHost=https://sessionserver.mojang.com, servicesHost=https://api.minecraftservices.com, profilesHost=https://api.mojang.com, name=PROD]
[01Sep2026 14:26:45.086] [Render thread/INFO] [net.minecraft.client.Minecraft/]: Setting user: Dev
[01Sep2026 14:26:45.271] [Render thread/INFO] [net.minecraft.client.Minecraft/]: Backend library: LWJGL version 3.4.1+2
[01Sep2026 14:26:50.170] [Render thread/INFO] [net.minecraft.client.Minecraft/]: Using optional rendering extensions: GL_ARB_buffer_storage, GL_KHR_debug, GL_ARB_vertex_attrib_binding, GL_ARB_direct_state_access, GL_EXT_texture_filter_anisotropic
[01Sep2026 14:26:51.948] [Render thread/INFO] [net.minecraft.server.packs.resources.ReloadableResourceManager/]: Reloading ResourceManager: vanilla, mod_resources, mod/horsegenetics, mod/neoforge
[01Sep2026 14:26:52.423] [resourceLoad/INFO] [net.minecraft.client.gui.font.providers.UnihexProvider/]: Found unifont_all_no_pua-17.0.01.hex, loading
[01Sep2026 14:26:52.442] [resourceLoad/INFO] [net.minecraft.client.gui.font.providers.UnihexProvider/]: Found unifont_pua-17.0.01.hex, loading
[01Sep2026 14:26:52.843] [resourceLoad/INFO] [net.minecraft.client.gui.font.providers.UnihexProvider/]: Found unifont_jp_patch-17.0.01.hex, loading
[01Sep2026 14:26:54.719] [Render thread/WARN] [com.mojang.blaze3d.opengl.GlProgram/]: neoforge:pipeline/item_cutout_unlit shader program does not use sampler Sampler2 defined in the pipeline. This might be a bug.
[01Sep2026 14:26:54.747] [Render thread/WARN] [com.mojang.blaze3d.opengl.GlProgram/]: neoforge:pipeline/item_translucent_unlit shader program does not use sampler Sampler2 defined in the pipeline. This might be a bug.
[01Sep2026 14:26:55.533] [Render thread/INFO] [com.mojang.blaze3d.audio.Library/]: OpenAL initialized on device OpenAL Soft on Speakers (Realtek(R) Audio)
[01Sep2026 14:26:55.539] [Render thread/INFO] [net.minecraft.client.sounds.SoundEngine/SOUNDS]: Sound engine started
[01Sep2026 14:26:55.541] [Render thread/INFO] [net.minecraft.client.renderer.texture.TextureAtlas/]: Created: 512x256x0 minecraft:textures/atlas/particles.png-atlas
[01Sep2026 14:26:55.577] [Render thread/INFO] [net.minecraft.client.renderer.texture.TextureAtlas/]: Created: 128x128x0 minecraft:textures/atlas/decorated_pot.png-atlas
[01Sep2026 14:26:55.582] [Render thread/INFO] [net.minecraft.client.renderer.texture.TextureAtlas/]: Created: 2048x1024x0 minecraft:textures/atlas/armor_trims.png-atlas
[01Sep2026 14:26:55.630] [Render thread/INFO] [net.minecraft.client.renderer.texture.TextureAtlas/]: Created: 512x256x0 minecraft:textures/atlas/paintings.png-atlas
[01Sep2026 14:26:55.652] [Render thread/INFO] [net.minecraft.client.renderer.texture.TextureAtlas/]: Created: 1024x512x0 minecraft:textures/atlas/shield_patterns.png-atlas
[01Sep2026 14:26:55.658] [Render thread/INFO] [net.minecraft.client.renderer.texture.TextureAtlas/]: Created: 2048x2048x4 minecraft:textures/atlas/blocks.png-atlas
[01Sep2026 14:26:55.814] [Render thread/INFO] [net.minecraft.client.renderer.texture.TextureAtlas/]: Created: 512x512x0 minecraft:textures/atlas/chest.png-atlas
[01Sep2026 14:26:55.816] [Render thread/INFO] [net.minecraft.client.renderer.texture.TextureAtlas/]: Created: 256x128x0 minecraft:textures/atlas/celestials.png-atlas
[01Sep2026 14:26:55.819] [Render thread/INFO] [net.minecraft.client.renderer.texture.TextureAtlas/]: Created: 1024x512x0 minecraft:textures/atlas/banner_patterns.png-atlas
[01Sep2026 14:26:55.826] [Render thread/INFO] [net.minecraft.client.renderer.texture.TextureAtlas/]: Created: 512x512x0 minecraft:textures/atlas/beds.png-atlas
[01Sep2026 14:26:55.831] [Render thread/INFO] [net.minecraft.client.renderer.texture.TextureAtlas/]: Created: 1024x512x0 minecraft:textures/atlas/items.png-atlas
[01Sep2026 14:26:55.863] [Render thread/INFO] [net.minecraft.client.renderer.texture.TextureAtlas/]: Created: 1024x1024x0 minecraft:textures/atlas/gui.png-atlas
[01Sep2026 14:26:55.883] [Render thread/INFO] [net.minecraft.client.renderer.texture.TextureAtlas/]: Created: 128x64x0 minecraft:textures/atlas/map_decorations.png-atlas
[01Sep2026 14:26:55.895] [Render thread/INFO] [net.minecraft.client.renderer.texture.TextureAtlas/]: Created: 512x256x0 minecraft:textures/atlas/signs.png-atlas
[01Sep2026 14:26:55.898] [Render thread/INFO] [net.minecraft.client.renderer.texture.TextureAtlas/]: Created: 512x512x0 minecraft:textures/atlas/shulker_boxes.png-atlas
[01Sep2026 14:26:56.110] [Render thread/INFO] [net.neoforged.neoforge.client.entity.animation.json.AnimationLoader/]: Loaded 0 entity animations
[01Sep2026 14:27:31.198] [Render thread/INFO] [net.minecraft.world.item.crafting.RecipeManager/]: Loaded 1515 recipes
[01Sep2026 14:27:31.223] [Render thread/INFO] [net.minecraft.advancements.AdvancementTree/]: Loaded 1617 advancements
[01Sep2026 14:27:31.227] [Render thread/INFO] [net.neoforged.neoforge.common.crafting.RecipePriorityManager/]: Loaded 0 recipe priority overrides
[01Sep2026 14:27:31.516] [Server thread/INFO] [net.minecraft.client.server.IntegratedServer/]: Starting integrated minecraft server version 26.1.2
[01Sep2026 14:27:31.517] [Server thread/INFO] [net.minecraft.server.MinecraftServer/]: Generating keypair
[01Sep2026 14:27:32.099] [Server thread/INFO] [net.minecraft.server.level.progress.LoggingLevelLoadListener/]: Selecting global world spawn...
[01Sep2026 14:27:34.635] [Server thread/INFO] [net.minecraft.server.level.progress.LoggingLevelLoadListener/]: Loading 0 persistent chunks...
[01Sep2026 14:27:34.635] [Server thread/INFO] [net.minecraft.server.level.progress.LoggingLevelLoadListener/]: Preparing spawn area: 16%
[01Sep2026 14:27:34.637] [Server thread/INFO] [net.minecraft.server.MinecraftServer/]: Saving chunks for level 'ServerLevel[Test Horse World]'/minecraft:overworld
[01Sep2026 14:27:34.699] [Server thread/INFO] [net.minecraft.server.MinecraftServer/]: Saving chunks for level 'ServerLevel[Test Horse World]'/minecraft:the_end
[01Sep2026 14:27:34.716] [Server thread/INFO] [net.minecraft.server.MinecraftServer/]: Saving chunks for level 'ServerLevel[Test Horse World]'/horsegenetics:debug_pens
[01Sep2026 14:27:34.730] [Server thread/INFO] [net.minecraft.server.MinecraftServer/]: Saving chunks for level 'ServerLevel[Test Horse World]'/minecraft:the_nether
[01Sep2026 14:27:34.794] [Server thread/INFO] [net.minecraft.server.MinecraftServer/]: ThreadedAnvilChunkStorage (world): All chunks are saved
[01Sep2026 14:27:34.794] [Server thread/INFO] [net.minecraft.server.MinecraftServer/]: ThreadedAnvilChunkStorage (DIM1): All chunks are saved
[01Sep2026 14:27:34.795] [Server thread/INFO] [net.minecraft.server.MinecraftServer/]: ThreadedAnvilChunkStorage (debug_pens): All chunks are saved
[01Sep2026 14:27:34.795] [Server thread/INFO] [net.minecraft.server.MinecraftServer/]: ThreadedAnvilChunkStorage (DIM-1): All chunks are saved
[01Sep2026 14:27:34.795] [Server thread/INFO] [net.minecraft.server.MinecraftServer/]: ThreadedAnvilChunkStorage: All dimensions are saved
[01Sep2026 14:27:34.803] [Server thread/INFO] [net.neoforged.neoforge.server.permission.PermissionAPI/]: Successfully initialized permission handler neoforge:default_handler
[01Sep2026 14:27:35.327] [Server thread/INFO] [net.minecraft.server.level.progress.LoggingLevelLoadListener/]: Loading 48 chunks for player spawn...
[01Sep2026 14:27:35.327] [Server thread/INFO] [net.minecraft.server.level.progress.LoggingLevelLoadListener/]: Preparing spawn area: 16%
[01Sep2026 14:27:35.354] [Server thread/INFO] [net.minecraft.server.level.progress.LoggingLevelLoadListener/]: Preparing spawn area: 16%
[01Sep2026 14:27:35.405] [Server thread/INFO] [net.minecraft.server.level.progress.LoggingLevelLoadListener/]: Preparing spawn area: 16%
[01Sep2026 14:27:35.455] [Server thread/INFO] [net.minecraft.server.level.progress.LoggingLevelLoadListener/]: Preparing spawn area: 16%
[01Sep2026 14:27:35.505] [Server thread/INFO] [net.minecraft.server.level.progress.LoggingLevelLoadListener/]: Preparing spawn area: 16%
[01Sep2026 14:27:35.555] [Server thread/INFO] [net.minecraft.server.level.progress.LoggingLevelLoadListener/]: Preparing spawn area: 16%
[01Sep2026 14:27:35.606] [Server thread/INFO] [net.minecraft.server.level.progress.LoggingLevelLoadListener/]: Preparing spawn area: 16%
[01Sep2026 14:27:36.105] [Server thread/INFO] [net.minecraft.server.level.progress.LoggingLevelLoadListener/]: Preparing spawn area: 16%
[01Sep2026 14:27:36.605] [Server thread/INFO] [net.minecraft.server.level.progress.LoggingLevelLoadListener/]: Preparing spawn area: 16%
[01Sep2026 14:27:37.105] [Server thread/INFO] [net.minecraft.server.level.progress.LoggingLevelLoadListener/]: Preparing spawn area: 16%
[01Sep2026 14:27:37.605] [Server thread/INFO] [net.minecraft.server.level.progress.LoggingLevelLoadListener/]: Preparing spawn area: 30%
[01Sep2026 14:27:38.105] [Server thread/INFO] [net.minecraft.server.level.progress.LoggingLevelLoadListener/]: Preparing spawn area: 30%
[01Sep2026 14:27:38.605] [Server thread/INFO] [net.minecraft.server.level.progress.LoggingLevelLoadListener/]: Preparing spawn area: 58%
[01Sep2026 14:27:39.105] [Server thread/INFO] [net.minecraft.server.level.progress.LoggingLevelLoadListener/]: Preparing spawn area: 58%
[01Sep2026 14:27:39.456] [Server thread/INFO] [net.minecraft.server.level.progress.LoggingLevelLoadListener/]: Time elapsed: 7358 ms
[01Sep2026 14:27:39.813] [Server thread/INFO] [net.minecraft.server.players.PlayerList/]: Dev[local:E:55c7ea18] logged in with entity id 24 at (4.5, 97.0, -5.5)
[01Sep2026 14:27:39.876] [Server thread/INFO] [net.minecraft.server.MinecraftServer/]: Dev joined the game
[01Sep2026 14:27:40.041] [Server thread/INFO] [net.minecraft.client.server.IntegratedServer/]: Changing view distance to 16, from 10
[01Sep2026 14:27:40.045] [Server thread/INFO] [net.minecraft.client.server.IntegratedServer/]: Changing simulation distance to 12, from 0
[01Sep2026 14:27:40.052] [Render thread/WARN] [net.minecraft.client.multiplayer.ClientPacketListener/]: Ignoring chat session from Dev due to missing Services public key
[01Sep2026 14:27:40.063] [Render thread/INFO] [net.minecraft.advancements.AdvancementTree/]: Loaded 15 advancements
[01Sep2026 14:27:40.189] [Render thread/INFO] [net.minecraft.client.renderer.DynamicUniformStorage/]: Resizing Dynamic Transforms UBO, capacity limit of 2 reached during a single frame. New capacity will be 4.
[01Sep2026 14:27:40.237] [Render thread/INFO] [net.minecraft.client.renderer.DynamicUniformStorage/]: Resizing Dynamic Transforms UBO, capacity limit of 4 reached during a single frame. New capacity will be 8.
[01Sep2026 14:27:40.450] [Render thread/INFO] [net.minecraft.client.renderer.DynamicUniformStorage/]: Resizing Chunk Sections UBO, capacity limit of 2 reached during a single frame. New capacity will be 4.
[01Sep2026 14:27:40.592] [Render thread/INFO] [net.minecraft.client.renderer.DynamicUniformStorage/]: Resizing Chunk Sections UBO, capacity limit of 4 reached during a single frame. New capacity will be 16.
[01Sep2026 14:27:41.384] [Render thread/INFO] [net.minecraft.client.renderer.DynamicUniformStorage/]: Resizing Chunk Sections UBO, capacity limit of 16 reached during a single frame. New capacity will be 32.
[01Sep2026 14:27:42.318] [Render thread/INFO] [net.minecraft.client.renderer.DynamicUniformStorage/]: Resizing Chunk Sections UBO, capacity limit of 32 reached during a single frame. New capacity will be 64.
[01Sep2026 14:27:42.752] [Render thread/INFO] [net.minecraft.client.renderer.DynamicUniformStorage/]: Resizing Dynamic Transforms UBO, capacity limit of 8 reached during a single frame. New capacity will be 16.
[01Sep2026 14:27:43.182] [Render thread/INFO] [net.minecraft.client.renderer.DynamicUniformStorage/]: Resizing Chunk Sections UBO, capacity limit of 64 reached during a single frame. New capacity will be 128.
[01Sep2026 14:27:45.542] [Render thread/INFO] [net.minecraft.client.gui.components.ChatComponent/]: [System] [CHAT] [coat] adult eeAA @cbf29ce484222325  det
[01Sep2026 14:27:45.715] [Render thread/INFO] [net.minecraft.client.gui.components.ChatComponent/]: [System] [CHAT] [coat] adult EEAA @5939902b9e26f468  per-horse
[01Sep2026 14:27:45.824] [Render thread/INFO] [net.minecraft.client.gui.components.ChatComponent/]: [System] [CHAT] [coat] adult EEaa TT @cbf29ce484222325  det
[01Sep2026 14:27:45.852] [Render thread/INFO] [net.minecraft.client.gui.components.ChatComponent/]: [System] [CHAT] [coat] adult EEaa ChCh @cbf29ce484222325  det
[01Sep2026 14:27:45.862] [Render thread/INFO] [net.minecraft.client.gui.components.ChatComponent/]: [System] [CHAT] [coat] adult EEAA ChCh @91b9515ae5eea44  per-horse
[01Sep2026 14:27:45.869] [Render thread/INFO] [net.minecraft.client.gui.components.ChatComponent/]: [System] [CHAT] [coat] adult eeaa ChCh @cbf29ce484222325  det
[01Sep2026 14:27:45.995] [Render thread/INFO] [net.minecraft.client.gui.components.ChatComponent/]: [System] [CHAT] [coat] adult eeAA ChCh @cbf29ce484222325  det
[01Sep2026 14:27:46.002] [Render thread/INFO] [net.minecraft.client.gui.components.ChatComponent/]: [System] [CHAT] [coat] adult EEaa WW @cbf29ce484222325  det  >> FLAT WHITE (overlay fully transparent)
[01Sep2026 14:27:46.063] [Render thread/INFO] [net.minecraft.client.gui.components.ChatComponent/]: [System] [CHAT] [coat] adult eeaa nSpl @8e3927efdcc6f7d7  per-horse
[01Sep2026 14:27:46.084] [Render thread/INFO] [net.minecraft.client.gui.components.ChatComponent/]: [System] [CHAT] [coat] adult eeAA nSpl @3c636fef724612a  per-horse
[01Sep2026 14:27:46.390] [Render thread/INFO] [net.minecraft.client.gui.components.ChatComponent/]: [System] [CHAT] [coat] adult EEAA ChCh @197af552c8d58893  per-horse
[01Sep2026 14:27:46.394] [Render thread/INFO] [net.minecraft.client.gui.components.ChatComponent/]: [System] [CHAT] [coat] adult eeaa nSpl @8fa525cf559ba648  per-horse
[01Sep2026 14:27:46.398] [Render thread/INFO] [net.minecraft.client.gui.components.ChatComponent/]: [System] [CHAT] [coat] adult eeAA nSpl @10c0fffaa860dd29  per-horse
[01Sep2026 14:27:46.403] [Render thread/INFO] [net.minecraft.client.gui.components.ChatComponent/]: [System] [CHAT] [coat] adult eeaa nSpl ChCh @7db47b00a801b827  per-horse
[01Sep2026 14:27:46.409] [Render thread/INFO] [net.minecraft.client.gui.components.ChatComponent/]: [System] [CHAT] [coat] adult eeAA nSpl ChCh @5f36eea2f2017a7d  per-horse
[01Sep2026 14:27:46.413] [Render thread/INFO] [net.minecraft.client.gui.components.ChatComponent/]: [System] [CHAT] [coat] adult EEAA nSpl @adc3d230911c4685  per-horse
[01Sep2026 14:27:46.417] [Render thread/INFO] [net.minecraft.client.gui.components.ChatComponent/]: [System] [CHAT] [coat] adult EEaa nSpl @943a1be45332c34e  per-horse
[01Sep2026 14:27:46.440] [Render thread/INFO] [net.minecraft.client.gui.components.ChatComponent/]: [System] [CHAT] [coat] adult EEaa nSpl @5ab233ee8509ee6c  per-horse
[01Sep2026 14:27:46.445] [Render thread/INFO] [net.minecraft.client.gui.components.ChatComponent/]: [System] [CHAT] [coat] adult EEAA nSpl @c65d9e1a5c718c72  per-horse
[01Sep2026 14:27:46.447] [Render thread/INFO] [net.minecraft.client.gui.components.ChatComponent/]: [System] [CHAT] [coat] adult eeaa nSpl ChCh @5416e93736a61530  per-horse
[01Sep2026 14:27:46.450] [Render thread/INFO] [net.minecraft.client.gui.components.ChatComponent/]: [System] [CHAT] [coat] adult eeAA nSpl ChCh @dd82a800f438ff61  per-horse
[01Sep2026 14:27:46.453] [Render thread/INFO] [net.minecraft.client.gui.components.ChatComponent/]: [System] [CHAT] [coat] adult EEaa nSpl ChCh @ccb955119c3baa70  per-horse
[01Sep2026 14:27:46.459] [Render thread/INFO] [net.minecraft.client.gui.components.ChatComponent/]: [System] [CHAT] [coat] adult EEAA nSpl ChCh @5ca35a854e3b33ef  per-horse
[01Sep2026 14:27:46.486] [Render thread/INFO] [net.minecraft.client.gui.components.ChatComponent/]: [System] [CHAT] [coat] adult EEaa nSpl ChCh @20a5631cbd9aa71c  per-horse
[01Sep2026 14:27:46.490] [Render thread/INFO] [net.minecraft.client.gui.components.ChatComponent/]: [System] [CHAT] [coat] adult EEAA nSpl ChCh @995b2a98d63f0766  per-horse
[01Sep2026 14:27:46.523] [Render thread/INFO] [net.minecraft.client.gui.components.ChatComponent/]: [System] [CHAT] [coat] adult EEaa SplSpl @36db31c609421d4c  per-horse
[01Sep2026 14:27:46.526] [Render thread/INFO] [net.minecraft.client.gui.components.ChatComponent/]: [System] [CHAT] [coat] adult EEAA SplSpl @d3d270acf92aef0e  per-horse
[01Sep2026 14:27:46.587] [Render thread/INFO] [net.minecraft.client.gui.components.ChatComponent/]: [System] [CHAT] [coat] adult eeaa SplSpl @45f8c7a5f4ef19c8  per-horse
[01Sep2026 14:27:46.590] [Render thread/INFO] [net.minecraft.client.gui.components.ChatComponent/]: [System] [CHAT] [coat] adult eeAA SplSpl @938811225165975  per-horse
[01Sep2026 14:27:46.593] [Render thread/INFO] [net.minecraft.client.gui.components.ChatComponent/]: [System] [CHAT] [coat] adult eeaa SplSpl @bcf9b20f872e6a21  per-horse
[01Sep2026 14:27:46.597] [Render thread/INFO] [net.minecraft.client.gui.components.ChatComponent/]: [System] [CHAT] [coat] adult eeAA SplSpl @dc12d3df1851c365  per-horse
[01Sep2026 14:27:46.599] [Render thread/INFO] [net.minecraft.client.gui.components.ChatComponent/]: [System] [CHAT] [coat] adult EEaa SplSpl @47c35d4cebd5ce88  per-horse
[01Sep2026 14:27:46.603] [Render thread/INFO] [net.minecraft.client.gui.components.ChatComponent/]: [System] [CHAT] [coat] adult EEAA SplSpl @52fc92979bd35721  per-horse
[01Sep2026 14:27:46.765] [Render thread/INFO] [net.minecraft.client.gui.components.ChatComponent/]: [System] [CHAT] [coat] adult eeaa @cbf29ce484222325  det
[01Sep2026 14:27:46.830] [Render thread/INFO] [net.minecraft.client.gui.components.ChatComponent/]: [System] [CHAT] [coat] adult eeaa SplSpl ChCh @8f96bf51d6abf301  per-horse
[01Sep2026 14:27:46.833] [Render thread/INFO] [net.minecraft.client.gui.components.ChatComponent/]: [System] [CHAT] [coat] adult eeAA SplSpl ChCh @c8c927e8c7818a4d  per-horse
[01Sep2026 14:27:46.861] [Render thread/INFO] [net.minecraft.client.gui.components.ChatComponent/]: [System] [CHAT] [coat] adult eeaa GG @11b0597c39ab537a  per-horse
[01Sep2026 14:27:46.891] [Render thread/INFO] [net.minecraft.client.gui.components.ChatComponent/]: [System] [CHAT] [coat] adult EEaa SplSpl ChCh @3acbaeac20520a8f  per-horse
[01Sep2026 14:27:46.894] [Render thread/INFO] [net.minecraft.client.gui.components.ChatComponent/]: [System] [CHAT] [coat] adult EEAA SplSpl ChCh @137724f59f89f938  per-horse
[01Sep2026 14:27:46.900] [Render thread/INFO] [net.minecraft.client.gui.components.ChatComponent/]: [System] [CHAT] [coat] adult EEaa GG @3557086bc007eaac  per-horse
[01Sep2026 14:27:46.902] [Render thread/INFO] [net.minecraft.client.gui.components.ChatComponent/]: [System] [CHAT] [coat] adult eeaa SplSpl ChCh @de98ae0220d5cf70  per-horse
[01Sep2026 14:27:46.906] [Render thread/INFO] [net.minecraft.client.gui.components.ChatComponent/]: [System] [CHAT] [coat] adult eeAA SplSpl ChCh @a60244d0706d4330  per-horse
[01Sep2026 14:27:46.912] [Render thread/INFO] [net.minecraft.client.gui.components.ChatComponent/]: [System] [CHAT] [coat] adult eeaa GG @721f0c510e548634  per-horse
[01Sep2026 14:27:46.914] [Render thread/INFO] [net.minecraft.client.gui.components.ChatComponent/]: [System] [CHAT] [coat] adult EEaa SplSpl ChCh @9ce3f5d16cc99145  per-horse
[01Sep2026 14:27:46.917] [Render thread/INFO] [net.minecraft.client.gui.components.ChatComponent/]: [System] [CHAT] [coat] adult EEAA SplSpl ChCh @31accb372b0d332  per-horse
[01Sep2026 14:27:46.924] [Render thread/INFO] [net.minecraft.client.gui.components.ChatComponent/]: [System] [CHAT] [coat] adult EEaa GG @67aa89b20e874f9f  per-horse
[01Sep2026 14:27:46.956] [Render thread/INFO] [net.minecraft.client.gui.components.ChatComponent/]: [System] [CHAT] [coat] adult eeAA GG @f27fb39e12358d82  per-horse
[01Sep2026 14:27:46.964] [Render thread/INFO] [net.minecraft.client.gui.components.ChatComponent/]: [System] [CHAT] [coat] adult eeaa ChCh GG @b6e96ae6286982fd  per-horse
[01Sep2026 14:27:46.993] [Render thread/INFO] [net.minecraft.client.gui.components.ChatComponent/]: [System] [CHAT] [coat] adult EEaa ChCh GG @fabf044f5d944639  per-horse
[01Sep2026 14:27:46.998] [Render thread/INFO] [net.minecraft.client.gui.components.ChatComponent/]: [System] [CHAT] [coat] adult EEAA GG @bef48b77b3a73080  per-horse
[01Sep2026 14:27:47.087] [Render thread/INFO] [net.minecraft.client.gui.components.ChatComponent/]: [System] [CHAT] [coat] adult eeAA GG @fef012e0d041ac92  per-horse
[01Sep2026 14:27:47.092] [Render thread/INFO] [net.minecraft.client.gui.components.ChatComponent/]: [System] [CHAT] [coat] adult eeaa ChCh GG @bee809f27fe3a73e  per-horse
[01Sep2026 14:27:47.098] [Render thread/INFO] [net.minecraft.client.gui.components.ChatComponent/]: [System] [CHAT] [coat] adult EEaa ChCh GG @4be03d1c6a4215d8  per-horse
[01Sep2026 14:27:47.104] [Render thread/INFO] [net.minecraft.client.gui.components.ChatComponent/]: [System] [CHAT] [coat] adult EEAA GG @881df1baa806e50b  per-horse
[01Sep2026 14:27:47.233] [Render thread/INFO] [net.minecraft.client.gui.components.ChatComponent/]: [System] [CHAT] [coat] adult eeAA ChCh GG @1d3d5cb5f424a08c  per-horse
[01Sep2026 14:27:47.239] [Render thread/INFO] [net.minecraft.client.gui.components.ChatComponent/]: [System] [CHAT] [coat] adult eeaa nSpl GG @424f159b8db4c3d5  per-horse
[01Sep2026 14:27:47.246] [Render thread/INFO] [net.minecraft.client.gui.components.ChatComponent/]: [System] [CHAT] [coat] adult eeAA ChCh GG @e448cb489f1aafd5  per-horse
[01Sep2026 14:27:47.253] [Render thread/INFO] [net.minecraft.client.gui.components.ChatComponent/]: [System] [CHAT] [coat] adult eeaa nSpl GG @998c540669b489c  per-horse
[01Sep2026 14:27:47.260] [Render thread/INFO] [net.minecraft.client.gui.components.ChatComponent/]: [System] [CHAT] [coat] adult EEAA ChCh GG @c0e5b8dcffc30e3f  per-horse
[01Sep2026 14:27:47.266] [Render thread/INFO] [net.minecraft.client.gui.components.ChatComponent/]: [System] [CHAT] [coat] adult EEaa nSpl GG @7285bd6fa6ba4557  per-horse
[01Sep2026 14:27:47.561] [Render thread/INFO] [net.minecraft.client.gui.components.ChatComponent/]: [System] [CHAT] [coat] adult eeAA nSpl ChCh GG @f7afb5f79ebf0a62  per-horse
[01Sep2026 14:27:47.567] [Render thread/INFO] [net.minecraft.client.gui.components.ChatComponent/]: [System] [CHAT] [coat] adult eeaa nSpl ChCh GG @10a48b8608b372f8  per-horse
[01Sep2026 14:27:47.574] [Render thread/INFO] [net.minecraft.client.gui.components.ChatComponent/]: [System] [CHAT] [coat] adult eeAA nSpl GG @494449d4e650dc73  per-horse
[01Sep2026 14:27:47.807] [Render thread/INFO] [net.minecraft.client.gui.components.ChatComponent/]: [System] [CHAT] [coat] adult eeaa SplSpl GG @f899bacec6c2c213  per-horse
[01Sep2026 14:27:47.814] [Render thread/INFO] [net.minecraft.client.gui.components.ChatComponent/]: [System] [CHAT] [coat] adult eeAA SplSpl GG @f528245724f7f8b9  per-horse
[01Sep2026 14:28:27.005] [Render thread/INFO] [net.minecraft.client.gui.components.ChatComponent/]: [System] [CHAT] [coat] adult eeAA nSpl ChCh GG @99cfc88bf169938d  per-horse
[01Sep2026 14:28:27.011] [Render thread/INFO] [net.minecraft.client.gui.components.ChatComponent/]: [System] [CHAT] [coat] adult eeaa SplSpl ChCh GG @95e55bdb825bfcf7  per-horse
[01Sep2026 14:28:27.016] [Render thread/INFO] [net.minecraft.client.gui.components.ChatComponent/]: [System] [CHAT] [coat] adult eeAA SplSpl ChCh GG @2ac783486815391e  per-horse
[01Sep2026 14:28:27.018] [Render thread/INFO] [net.minecraft.client.gui.components.ChatComponent/]: [System] [CHAT] [coat] adult eeaa nCr @cbf29ce484222325  det
[01Sep2026 14:28:27.036] [Render thread/INFO] [net.minecraft.client.gui.components.ChatComponent/]: [System] [CHAT] [coat] adult eeaa nSpl ChCh GG @34d99d9e4077716a  per-horse
[01Sep2026 14:28:27.038] [Render thread/INFO] [net.minecraft.client.gui.components.ChatComponent/]: [System] [CHAT] [coat] adult eeAA nCr @cbf29ce484222325  det
[01Sep2026 14:28:27.039] [Render thread/INFO] [net.minecraft.client.gui.components.ChatComponent/]: [System] [CHAT] [coat] adult eeaa ChCh nCr @cbf29ce484222325  det
[01Sep2026 14:28:27.040] [Render thread/INFO] [net.minecraft.client.gui.components.ChatComponent/]: [System] [CHAT] [coat] adult eeAA ChCh nCr @cbf29ce484222325  det
[01Sep2026 14:28:27.072] [Render thread/INFO] [net.minecraft.client.gui.components.ChatComponent/]: [System] [CHAT] [coat] adult eeAA nSpl GG @47a6ed940564e992  per-horse
[01Sep2026 14:28:27.077] [Render thread/INFO] [net.minecraft.client.gui.components.ChatComponent/]: [System] [CHAT] [coat] adult eeAA SplSpl GG @7fc8bfb345e33d6d  per-horse
[01Sep2026 14:28:27.080] [Render thread/INFO] [net.minecraft.client.gui.components.ChatComponent/]: [System] [CHAT] [coat] adult eeaa SplSpl GG @c5c86b1b8bdd4f63  per-horse
[01Sep2026 14:28:27.084] [Render thread/INFO] [net.minecraft.client.gui.components.ChatComponent/]: [System] [CHAT] [coat] adult eeaa SplSpl ChCh GG @d7948c1dcdf5e025  per-horse
[01Sep2026 14:28:27.085] [Render thread/INFO] [net.minecraft.client.gui.components.ChatComponent/]: [System] [CHAT] [coat] adult eeaa nSpl nCr @d23b57c3955570f0  per-horse
[01Sep2026 14:28:27.087] [Render thread/INFO] [net.minecraft.client.gui.components.ChatComponent/]: [System] [CHAT] [coat] adult eeAA nSpl nCr @2fc68d94fb413522  per-horse
[01Sep2026 14:28:27.089] [Render thread/INFO] [net.minecraft.client.gui.components.ChatComponent/]: [System] [CHAT] [coat] adult eeaa nSpl ChCh nCr @57cb577138968bef  per-horse
[01Sep2026 14:28:27.090] [Render thread/INFO] [net.minecraft.client.gui.components.ChatComponent/]: [System] [CHAT] [coat] adult eeaa nSpl ChCh nCr @dcec9307374916e0  per-horse
[01Sep2026 14:28:27.092] [Render thread/INFO] [net.minecraft.client.gui.components.ChatComponent/]: [System] [CHAT] [coat] adult eeAA nSpl ChCh nCr @fbf628b6d6143b81  per-horse
[01Sep2026 14:28:27.093] [Render thread/INFO] [net.minecraft.client.gui.components.ChatComponent/]: [System] [CHAT] [coat] adult eeAA SplSpl nCr @9441c93ea5555f64  per-horse
[01Sep2026 14:28:27.105] [Render thread/INFO] [net.minecraft.client.gui.components.ChatComponent/]: [System] [CHAT] [coat] adult eeAA SplSpl ChCh GG @3eaeb7edf7fa4235  per-horse
[01Sep2026 14:28:27.170] [Render thread/INFO] [net.minecraft.client.gui.components.ChatComponent/]: [System] [CHAT] [coat] adult eeAA nSpl ChCh nCr @92cbe0412b6785bc  per-horse
[01Sep2026 14:28:27.172] [Render thread/INFO] [net.minecraft.client.gui.components.ChatComponent/]: [System] [CHAT] [coat] adult eeaa SplSpl nCr @d2abf9e67ac416e5  per-horse
[01Sep2026 14:28:27.173] [Render thread/INFO] [net.minecraft.client.gui.components.ChatComponent/]: [System] [CHAT] [coat] adult eeaa SplSpl nCr @59c878e60f7326e8  per-horse
[01Sep2026 14:28:27.237] [Render thread/INFO] [net.minecraft.client.gui.components.ChatComponent/]: [System] [CHAT] [coat] adult EEAA nSpl ChCh nCr @13711f5ce251913  per-horse
[01Sep2026 14:28:27.239] [Render thread/INFO] [net.minecraft.client.gui.components.ChatComponent/]: [System] [CHAT] [coat] adult EEaa SplSpl nCr @c06cff7f16f9ec52  per-horse
[01Sep2026 14:28:27.241] [Render thread/INFO] [net.minecraft.client.gui.components.ChatComponent/]: [System] [CHAT] [coat] adult eeAA SplSpl nCr @145e4542d0e1a40c  per-horse
[01Sep2026 14:28:27.270] [Render thread/INFO] [net.minecraft.client.gui.components.ChatComponent/]: [System] [CHAT] [coat] adult eeaa nSpl nCr @ad5934368c6a46e6  per-horse
[01Sep2026 14:28:27.272] [Render thread/INFO] [net.minecraft.client.gui.components.ChatComponent/]: [System] [CHAT] [coat] adult EEAA nSpl ChCh nCr @8dd5372fa407f054  per-horse
[01Sep2026 14:28:27.304] [Render thread/INFO] [net.minecraft.client.gui.components.ChatComponent/]: [System] [CHAT] [coat] adult EEAA SplSpl nCr @7512598bcef7d37e  per-horse
[01Sep2026 14:28:27.339] [Render thread/INFO] [net.minecraft.client.gui.components.ChatComponent/]: [System] [CHAT] [coat] adult EEAA SplSpl GG @c634ca690cbe3ada  per-horse
[01Sep2026 14:28:27.343] [Render thread/INFO] [net.minecraft.client.gui.components.ChatComponent/]: [System] [CHAT] [coat] adult EEaa SplSpl ChCh GG @7fbe280a10c74f20  per-horse
[01Sep2026 14:28:27.348] [Render thread/INFO] [net.minecraft.client.gui.components.ChatComponent/]: [System] [CHAT] [coat] adult EEAA SplSpl ChCh GG @8faf9de63d367f93  per-horse
[01Sep2026 14:28:27.349] [Render thread/INFO] [net.minecraft.client.gui.components.ChatComponent/]: [System] [CHAT] [coat] adult eeAA nSpl nCr @3d1e6f1caeee3a7a  per-horse
[01Sep2026 14:28:27.380] [Render thread/INFO] [net.minecraft.client.gui.components.ChatComponent/]: [System] [CHAT] [coat] adult EEaa nCr @cbf29ce484222325  det
[01Sep2026 14:28:27.381] [Render thread/INFO] [net.minecraft.client.gui.components.ChatComponent/]: [System] [CHAT] [coat] adult EEaa nSpl nCr @bdca8c45790d4c2a  per-horse
[01Sep2026 14:28:27.383] [Render thread/INFO] [net.minecraft.client.gui.components.ChatComponent/]: [System] [CHAT] [coat] adult EEAA SplSpl nCr @4a9ad96ad67bd055  per-horse
[01Sep2026 14:28:27.404] [Render thread/INFO] [net.minecraft.client.gui.components.ChatComponent/]: [System] [CHAT] [coat] adult EEAA nSpl nCr @e7a06ddf8213e5d3  per-horse
[01Sep2026 14:28:27.406] [Render thread/INFO] [net.minecraft.client.gui.components.ChatComponent/]: [System] [CHAT] [coat] adult EEaa nSpl ChCh nCr @27891ffd20f7f480  per-horse
[01Sep2026 14:28:28.135] [Render thread/INFO] [net.minecraft.client.gui.components.ChatComponent/]: [System] [CHAT] [coat] adult eeaa SplSpl ChCh nCr @74c9057f6fa3e1ad  per-horse
[01Sep2026 14:28:46.468] [Render thread/INFO] [net.minecraft.client.gui.components.ChatComponent/]: [System] [CHAT] [coat] adult eeaa SplSpl ChCh nCr @c0c96080b94b5aec  per-horse
[01Sep2026 14:28:47.004] [Render thread/INFO] [net.minecraft.client.gui.components.ChatComponent/]: [System] [CHAT] [coat] adult eeAA SplSpl ChCh nCr @8543854752598ec  per-horse
[01Sep2026 14:28:47.005] [Render thread/INFO] [net.minecraft.client.gui.components.ChatComponent/]: [System] [CHAT] [coat] adult eeAA SplSpl ChCh nCr @f43be687ccbb70c7  per-horse
[01Sep2026 14:28:47.034] [Render thread/INFO] [net.minecraft.client.gui.components.ChatComponent/]: [System] [CHAT] [coat] adult EEaa SplSpl ChCh nCr @a175820c2d68c7f1  per-horse
[01Sep2026 14:28:47.036] [Render thread/INFO] [net.minecraft.client.gui.components.ChatComponent/]: [System] [CHAT] [coat] adult EEAA SplSpl ChCh nCr @8e4d87eb372ddf8d  per-horse
[01Sep2026 14:28:47.075] [Render thread/INFO] [net.minecraft.client.gui.components.ChatComponent/]: [System] [CHAT] [coat] adult EEAA nSpl ChCh GG @6296023a69d8fa0d  per-horse
[01Sep2026 14:28:47.079] [Render thread/INFO] [net.minecraft.client.gui.components.ChatComponent/]: [System] [CHAT] [coat] adult EEaa SplSpl GG @14267edf782fc2c2  per-horse
[01Sep2026 14:28:47.083] [Render thread/INFO] [net.minecraft.client.gui.components.ChatComponent/]: [System] [CHAT] [coat] adult EEaa SplSpl GG @9a51d91193132cb2  per-horse
[01Sep2026 14:28:47.085] [Render thread/INFO] [net.minecraft.client.gui.components.ChatComponent/]: [System] [CHAT] [coat] adult EEAA nCr @4a78d94b0fa2fc33  per-horse
[01Sep2026 14:28:47.087] [Render thread/INFO] [net.minecraft.client.gui.components.ChatComponent/]: [System] [CHAT] [coat] adult EEAA nCr @22c802f6110cd3cf  per-horse
[01Sep2026 14:28:47.089] [Render thread/INFO] [net.minecraft.client.gui.components.ChatComponent/]: [System] [CHAT] [coat] adult EEaa ChCh nCr @cbf29ce484222325  det
[01Sep2026 14:28:47.090] [Render thread/INFO] [net.minecraft.client.gui.components.ChatComponent/]: [System] [CHAT] [coat] adult EEAA ChCh nCr @2fdd5a7b7ad7c168  per-horse
[01Sep2026 14:28:47.092] [Render thread/INFO] [net.minecraft.client.gui.components.ChatComponent/]: [System] [CHAT] [coat] adult EEAA ChCh nCr @1418f9416c57d079  per-horse
[01Sep2026 14:28:47.092] [Render thread/INFO] [net.minecraft.client.gui.components.ChatComponent/]: [System] [CHAT] [coat] adult EEaa nSpl nCr @9ef6d53dae8a7232  per-horse
[01Sep2026 14:28:47.094] [Render thread/INFO] [net.minecraft.client.gui.components.ChatComponent/]: [System] [CHAT] [coat] adult EEAA nSpl nCr @782692c5e9fd0216  per-horse
[01Sep2026 14:28:47.095] [Render thread/INFO] [net.minecraft.client.gui.components.ChatComponent/]: [System] [CHAT] [coat] adult EEaa nSpl ChCh nCr @570dd6045eb9cec9  per-horse
[01Sep2026 14:28:47.096] [Render thread/INFO] [net.minecraft.client.gui.components.ChatComponent/]: [System] [CHAT] [coat] adult EEaa SplSpl nCr @28fc4395b42a1e8d  per-horse
[01Sep2026 14:28:47.096] [Render thread/INFO] [net.minecraft.client.gui.components.ChatComponent/]: [System] [CHAT] [coat] adult EEaa SplSpl ChCh nCr @bb10896e9a6b6f10  per-horse
[01Sep2026 14:28:47.099] [Render thread/INFO] [net.minecraft.client.gui.components.ChatComponent/]: [System] [CHAT] [coat] adult EEAA SplSpl ChCh nCr @92f491ceb9cd5fb3  per-horse
[01Sep2026 14:28:47.115] [Render thread/INFO] [net.minecraft.client.gui.components.ChatComponent/]: [System] [CHAT] [coat] adult EEaa nSpl ChCh GG @a9ebff03c48714bb  per-horse
[01Sep2026 14:28:47.119] [Render thread/INFO] [net.minecraft.client.gui.components.ChatComponent/]: [System] [CHAT] [coat] adult EEaa SplSpl ChCh GG @28df122ac1958004  per-horse
[01Sep2026 14:28:47.124] [Render thread/INFO] [net.minecraft.client.gui.components.ChatComponent/]: [System] [CHAT] [coat] adult EEAA SplSpl ChCh GG @7a8f8de419887334  per-horse
[01Sep2026 14:28:47.148] [Render thread/INFO] [net.minecraft.client.gui.components.ChatComponent/]: [System] [CHAT] [coat] adult EEAA SplSpl GG @4daee87a73fdcc9a  per-horse
[01Sep2026 14:28:47.179] [Render thread/INFO] [net.minecraft.client.gui.components.ChatComponent/]: [System] [CHAT] [coat] adult EEAA nSpl ChCh GG @ef0173cb208d9a32  per-horse
[01Sep2026 14:28:47.778] [Render thread/INFO] [net.minecraft.client.gui.components.ChatComponent/]: [System] [CHAT] [coat] adult eeaa nCr GG @d006be43f63c1005  per-horse
[01Sep2026 14:28:47.877] [Render thread/INFO] [net.minecraft.client.gui.components.ChatComponent/]: [System] [CHAT] [coat] adult eeaa nCr GG @a71bf1c96bba16c0  per-horse
[01Sep2026 14:28:49.213] [Render thread/INFO] [net.minecraft.client.gui.components.ChatComponent/]: [System] [CHAT] [coat] adult EEaa nCr GG @715b8119e5e151a6  per-horse
[01Sep2026 14:28:49.216] [Render thread/INFO] [net.minecraft.client.gui.components.ChatComponent/]: [System] [CHAT] [coat] adult EEaa nCr GG @afd3a7dc8f318e14  per-horse
[01Sep2026 14:28:49.247] [Render thread/INFO] [net.minecraft.client.gui.components.ChatComponent/]: [System] [CHAT] [coat] adult EEAA ChCh GG @a7e89f1c879eb5db  per-horse
[01Sep2026 14:28:49.250] [Render thread/INFO] [net.minecraft.client.gui.components.ChatComponent/]: [System] [CHAT] [coat] adult EEaa nSpl GG @4af9def931d25759  per-horse
[01Sep2026 14:28:49.255] [Render thread/INFO] [net.minecraft.client.gui.components.ChatComponent/]: [System] [CHAT] [coat] adult EEaa nSpl ChCh GG @4e580ddec6bd573e  per-horse
[01Sep2026 14:28:49.259] [Render thread/INFO] [net.minecraft.client.gui.components.ChatComponent/]: [System] [CHAT] [coat] adult EEAA nSpl GG @f38dc6fde5bb0faa  per-horse
[01Sep2026 14:28:49.263] [Render thread/INFO] [net.minecraft.client.gui.components.ChatComponent/]: [System] [CHAT] [coat] adult EEAA nSpl GG @948543ae55ca73cf  per-horse
[01Sep2026 14:28:53.079] [Render thread/INFO] [net.minecraft.client.gui.components.ChatComponent/]: [System] [CHAT] [coat] adult EEAA nCr GG @712e16d3a116c7e9  per-horse
[01Sep2026 14:28:53.478] [Render thread/INFO] [net.minecraft.client.gui.components.ChatComponent/]: [System] [CHAT] [coat] adult EEAA nCr GG @17b29c03f8f4a95e  per-horse
[01Sep2026 14:28:53.513] [Render thread/INFO] [net.minecraft.client.gui.components.ChatComponent/]: [System] [CHAT] [coat] adult eeAA nCr GG @6e688cb3c76b8ad3  per-horse
[01Sep2026 14:28:57.116] [Render thread/INFO] [net.minecraft.client.gui.components.ChatComponent/]: [System] [CHAT] [coat] adult eeAA nCr GG @20b0df161ad06fbf  per-horse
[01Sep2026 14:28:57.120] [Render thread/INFO] [net.minecraft.client.gui.components.ChatComponent/]: [System] [CHAT] [coat] adult eeaa ChCh nCr GG @46f63fa7a6dea291  per-horse
[01Sep2026 14:28:57.150] [Render thread/INFO] [net.minecraft.client.gui.components.ChatComponent/]: [System] [CHAT] [coat] adult eeaa ChCh nCr GG @3abfe0de13b64b75  per-horse
[01Sep2026 14:28:57.879] [Render thread/INFO] [net.minecraft.client.gui.components.ChatComponent/]: [System] [CHAT] [coat] adult eeAA ChCh nCr GG @4de8bedb4aa0ff5  per-horse
[01Sep2026 14:29:00.413] [Render thread/INFO] [net.minecraft.client.gui.components.ChatComponent/]: [System] [CHAT] [coat] adult eeAA ChCh nCr GG @2cfa2400fa6ece30  per-horse
[01Sep2026 14:29:00.418] [Render thread/INFO] [net.minecraft.client.gui.components.ChatComponent/]: [System] [CHAT] [coat] adult eeaa nSpl nCr GG @9891027cf0b9d89  per-horse
[01Sep2026 14:29:00.447] [Render thread/INFO] [net.minecraft.client.gui.components.ChatComponent/]: [System] [CHAT] [coat] adult EEAA ChCh nCr GG @57395f9bdc4ab16c  per-horse
[01Sep2026 14:29:00.451] [Render thread/INFO] [net.minecraft.client.gui.components.ChatComponent/]: [System] [CHAT] [coat] adult eeaa nSpl nCr GG @40f87511400783b8  per-horse
[01Sep2026 14:29:00.455] [Render thread/INFO] [net.minecraft.client.gui.components.ChatComponent/]: [System] [CHAT] [coat] adult EEaa nSpl nCr GG @becb7559c65e35a3  per-horse
[01Sep2026 14:29:00.479] [Render thread/INFO] [net.minecraft.client.gui.components.ChatComponent/]: [System] [CHAT] [coat] adult EEaa ChCh nCr GG @d113717dfcb129a3  per-horse
[01Sep2026 14:29:00.483] [Render thread/INFO] [net.minecraft.client.gui.components.ChatComponent/]: [System] [CHAT] [coat] adult EEaa ChCh nCr GG @a3a48e451d11668b  per-horse
[01Sep2026 14:29:00.487] [Render thread/INFO] [net.minecraft.client.gui.components.ChatComponent/]: [System] [CHAT] [coat] adult EEAA ChCh nCr GG @c33d875d856efb13  per-horse
[01Sep2026 14:29:00.490] [Render thread/INFO] [net.minecraft.client.gui.components.ChatComponent/]: [System] [CHAT] [coat] adult EEaa nSpl nCr GG @e741e15f3cfa3310  per-horse
[01Sep2026 14:29:01.379] [Render thread/INFO] [net.minecraft.client.gui.components.ChatComponent/]: [System] [CHAT] [coat] adult eeAA nSpl nCr GG @da735aaf79d38e93  per-horse
[01Sep2026 14:29:01.384] [Render thread/INFO] [net.minecraft.client.gui.components.ChatComponent/]: [System] [CHAT] [coat] adult EEAA nSpl nCr GG @e6e643089d2b2ac  per-horse
[01Sep2026 14:29:01.579] [Render thread/INFO] [net.minecraft.client.gui.components.ChatComponent/]: [System] [CHAT] [coat] adult EEAA nSpl nCr GG @630017eb151d59c0  per-horse
[01Sep2026 14:29:01.778] [Render thread/INFO] [net.minecraft.client.gui.components.ChatComponent/]: [System] [CHAT] [coat] adult eeAA nSpl nCr GG @d6d7c6104a5a7bc  per-horse
[01Sep2026 14:29:02.880] [Render thread/INFO] [net.minecraft.client.gui.components.ChatComponent/]: [System] [CHAT] [coat] adult eeaa nSpl ChCh nCr GG @d5439cc6a51016c6  per-horse
[01Sep2026 14:29:02.981] [Render thread/INFO] [net.minecraft.client.gui.components.ChatComponent/]: [System] [CHAT] [coat] adult eeaa nSpl ChCh nCr GG @d6ec3a64bca768d4  per-horse
[01Sep2026 14:29:03.279] [Render thread/INFO] [net.minecraft.client.gui.components.ChatComponent/]: [System] [CHAT] [coat] adult EEaa nSpl ChCh nCr GG @7f6214e28817d205  per-horse
[01Sep2026 14:29:03.283] [Render thread/INFO] [net.minecraft.client.gui.components.ChatComponent/]: [System] [CHAT] [coat] adult EEaa nSpl ChCh nCr GG @29d0bcc7710fc525  per-horse
[01Sep2026 14:29:07.278] [Render thread/INFO] [net.minecraft.client.gui.components.ChatComponent/]: [System] [CHAT] [coat] adult EEAA nSpl ChCh nCr GG @38b83a1a384e37d3  per-horse
[01Sep2026 14:29:07.379] [Render thread/INFO] [net.minecraft.client.gui.components.ChatComponent/]: [System] [CHAT] [coat] adult EEAA nSpl ChCh nCr GG @8196a13699b606d0  per-horse
[01Sep2026 14:29:07.551] [Render thread/INFO] [net.minecraft.client.gui.components.ChatComponent/]: [System] [CHAT] [coat] adult eeAA nSpl ChCh nCr GG @843869d8132d126b  per-horse
[01Sep2026 14:29:07.578] [Render thread/INFO] [net.minecraft.client.gui.components.ChatComponent/]: [System] [CHAT] [coat] adult eeAA nSpl ChCh nCr GG @31e3540ce8c85ac8  per-horse
[01Sep2026 14:29:09.578] [Render thread/INFO] [net.minecraft.client.gui.components.ChatComponent/]: [System] [CHAT] [coat] adult EEaa SplSpl nCr GG @8f128b34708fd2b  per-horse
[01Sep2026 14:29:09.582] [Render thread/INFO] [net.minecraft.client.gui.components.ChatComponent/]: [System] [CHAT] [coat] adult eeaa SplSpl nCr GG @3c4f01ba545eaa5a  per-horse
[01Sep2026 14:29:09.586] [Render thread/INFO] [net.minecraft.client.gui.components.ChatComponent/]: [System] [CHAT] [coat] adult EEaa SplSpl nCr GG @c2eee4cb63a21e6a  per-horse
[01Sep2026 14:29:09.648] [Render thread/INFO] [net.minecraft.client.gui.components.ChatComponent/]: [System] [CHAT] [coat] adult eeaa SplSpl nCr GG @2620f3c087863e4e  per-horse
[01Sep2026 14:29:10.977] [Render thread/INFO] [net.minecraft.client.gui.components.ChatComponent/]: [System] [CHAT] [coat] adult EEAA SplSpl nCr GG @b26bb61ca970b98f  per-horse
[01Sep2026 14:29:11.077] [Render thread/INFO] [net.minecraft.client.gui.components.ChatComponent/]: [System] [CHAT] [coat] adult eeAA SplSpl nCr GG @89812e68c9f4f440  per-horse
[01Sep2026 14:29:11.178] [Render thread/INFO] [net.minecraft.client.gui.components.ChatComponent/]: [System] [CHAT] [coat] adult EEAA SplSpl nCr GG @f3558fecec5bff47  per-horse
[01Sep2026 14:29:11.277] [Render thread/INFO] [net.minecraft.client.gui.components.ChatComponent/]: [System] [CHAT] [coat] adult eeAA SplSpl nCr GG @ec88c730df9071de  per-horse
[01Sep2026 14:29:12.577] [Render thread/INFO] [net.minecraft.client.gui.components.ChatComponent/]: [System] [CHAT] [coat] adult EEaa SplSpl ChCh nCr GG @ac799c21e0bf4967  per-horse
[01Sep2026 14:29:16.677] [Render thread/INFO] [net.minecraft.client.gui.components.ChatComponent/]: [System] [CHAT] [coat] adult EEAA @625a16fd83e620bf  per-horse
[01Sep2026 14:29:21.257] [Server thread/INFO] [net.minecraft.server.MinecraftServer/]: Dev has made the advancement [Best Friends Forever]
[01Sep2026 14:29:21.272] [Render thread/INFO] [net.minecraft.client.gui.components.ChatComponent/]: [System] [CHAT] Dev has made the advancement [Best Friends Forever]
[01Sep2026 14:29:21.275] [Render thread/INFO] [net.minecraft.advancements.AdvancementTree/]: Loaded 21 advancements
[01Sep2026 14:29:27.966] [Server thread/INFO] [net.minecraft.server.MinecraftServer/]: Dev has made the advancement [The Parrots and the Bats]
[01Sep2026 14:29:27.972] [Render thread/INFO] [net.minecraft.client.gui.components.ChatComponent/]: [System] [CHAT] Dev has made the advancement [The Parrots and the Bats]
[01Sep2026 14:29:27.987] [Render thread/INFO] [net.minecraft.client.gui.components.ChatComponent/]: [System] [CHAT] [coat] foal  EEaa SplSpl ChCh GG @7fbe280a10c74f20  per-horse
[01Sep2026 14:29:28.039] [Render thread/INFO] [net.minecraft.advancements.AdvancementTree/]: Loaded 23 advancements
[01Sep2026 14:29:35.808] [Render thread/INFO] [net.minecraft.client.renderer.DynamicUniformStorage/]: Resizing Chunk Sections UBO, capacity limit of 128 reached during a single frame. New capacity will be 256.
[01Sep2026 14:29:36.906] [Server thread/INFO] [net.minecraft.client.server.IntegratedServer/]: Saving and pausing game...
[01Sep2026 14:29:36.954] [Server thread/INFO] [net.minecraft.server.MinecraftServer/]: Saving chunks for level 'ServerLevel[Test Horse World]'/minecraft:overworld
[01Sep2026 14:29:36.955] [Server thread/INFO] [net.minecraft.server.MinecraftServer/]: Saving chunks for level 'ServerLevel[Test Horse World]'/minecraft:the_end
[01Sep2026 14:29:36.956] [Server thread/INFO] [net.minecraft.server.MinecraftServer/]: Saving chunks for level 'ServerLevel[Test Horse World]'/horsegenetics:debug_pens
[01Sep2026 14:29:36.991] [Server thread/INFO] [net.minecraft.server.MinecraftServer/]: Saving chunks for level 'ServerLevel[Test Horse World]'/minecraft:the_nether
[01Sep2026 14:29:39.765] [Render thread/INFO] [net.minecraft.client.Minecraft/]: Stopping!
[01Sep2026 14:29:39.805] [Server thread/INFO] [net.minecraft.server.MinecraftServer/]: Stopping server
[01Sep2026 14:29:39.806] [Server thread/INFO] [net.minecraft.server.MinecraftServer/]: Saving players
[01Sep2026 14:29:39.834] [Server thread/INFO] [net.minecraft.server.network.ServerGamePacketListenerImpl/]: Dev lost connection: Disconnected
[01Sep2026 14:29:39.834] [Server thread/INFO] [net.minecraft.server.MinecraftServer/]: Dev left the game
[01Sep2026 14:29:39.872] [Server thread/INFO] [net.minecraft.server.network.ServerCommonPacketListenerImpl/]: Stopping singleplayer server as player logged out
[01Sep2026 14:29:39.872] [Server thread/INFO] [net.minecraft.server.MinecraftServer/]: Saving worlds
[01Sep2026 14:29:40.211] [Server thread/INFO] [net.minecraft.server.MinecraftServer/]: Saving chunks for level 'ServerLevel[Test Horse World]'/minecraft:overworld
[01Sep2026 14:29:40.232] [Server thread/INFO] [net.minecraft.server.MinecraftServer/]: Saving chunks for level 'ServerLevel[Test Horse World]'/minecraft:the_end
[01Sep2026 14:29:40.248] [Server thread/INFO] [net.minecraft.server.MinecraftServer/]: Saving chunks for level 'ServerLevel[Test Horse World]'/horsegenetics:debug_pens
[01Sep2026 14:29:41.477] [Server thread/INFO] [net.minecraft.server.MinecraftServer/]: Saving chunks for level 'ServerLevel[Test Horse World]'/minecraft:the_nether
[01Sep2026 14:29:41.509] [Server thread/INFO] [net.minecraft.server.MinecraftServer/]: ThreadedAnvilChunkStorage (world): All chunks are saved
[01Sep2026 14:29:41.509] [Server thread/INFO] [net.minecraft.server.MinecraftServer/]: ThreadedAnvilChunkStorage (DIM1): All chunks are saved
[01Sep2026 14:29:41.509] [Server thread/INFO] [net.minecraft.server.MinecraftServer/]: ThreadedAnvilChunkStorage (debug_pens): All chunks are saved
[01Sep2026 14:29:41.509] [Server thread/INFO] [net.minecraft.server.MinecraftServer/]: ThreadedAnvilChunkStorage (DIM-1): All chunks are saved
[01Sep2026 14:29:41.509] [Server thread/INFO] [net.minecraft.server.MinecraftServer/]: ThreadedAnvilChunkStorage: All dimensions are saved
